[009106] already staged at /home/hupba_ws/resources/sessions/009106
[009106] running: /opt/conda/envs/wilor/bin/python wilor_pipeline.py --sid 009106 --aid lego_task (CUDA_VISIBLE_DEVICES=5)
/opt/conda/envs/wilor/lib/python3.10/site-packages/lightning_fabric/utilities/cloud_io.py:73: You are using `torch.load` with `weights_only=False` (the current default value), which uses the default pickle module implicitly. It is possible to construct malicious pickle data which will execute arbitrary code during unpickling (See https://github.com/pytorch/pytorch/blob/main/SECURITY.md#untrusted-models for more details). In a future release, the default value for `weights_only` will be flipped to `True`. This limits the functions that could be executed during unpickling. Arbitrary objects will no longer be allowed to be loaded via this mode unless they are explicitly allowlisted by the user via `torch.serialization.add_safe_globals`. We recommend you start setting `weights_only=True` for any use case where you don't have full control of the loaded file. Please open an issue on GitHub for any issues related to this experimental feature.
/opt/conda/envs/wilor/lib/python3.10/site-packages/ultralytics/nn/tasks.py:716: FutureWarning: You are using `torch.load` with `weights_only=False` (the current default value), which uses the default pickle module implicitly. It is possible to construct malicious pickle data which will execute arbitrary code during unpickling (See https://github.com/pytorch/pytorch/blob/main/SECURITY.md#untrusted-models for more details). In a future release, the default value for `weights_only` will be flipped to `True`. This limits the functions that could be executed during unpickling. Arbitrary objects will no longer be allowed to be loaded via this mode unless they are explicitly allowlisted by the user via `torch.serialization.add_safe_globals`. We recommend you start setting `weights_only=True` for any use case where you don't have full control of the loaded file. Please open an issue on GitHub for any issues related to this experimental feature.
  ckpt = torch.load(file, map_location="cpu")
Loading  ./pretrained_models/wilor_final.ckpt
WARNING: You are using a MANO model, with only 10 shape coefficients.
Traceback (most recent call last):
  File "/home/hupba_ws/scripts/WiLoR/wilor_pipeline.py", line 259, in <module>
    main()
  File "/home/hupba_ws/scripts/WiLoR/wilor_pipeline.py", line 72, in main
    model    = model.to(device)
  File "/opt/conda/envs/wilor/lib/python3.10/site-packages/lightning_fabric/utilities/device_dtype_mixin.py", line 59, in to
    return super().to(*args, **kwargs)
  File "/opt/conda/envs/wilor/lib/python3.10/site-packages/torch/nn/modules/module.py", line 1340, in to
    return self._apply(convert)
  File "/opt/conda/envs/wilor/lib/python3.10/site-packages/torch/nn/modules/module.py", line 900, in _apply
    module._apply(fn)
  File "/opt/conda/envs/wilor/lib/python3.10/site-packages/torch/nn/modules/module.py", line 900, in _apply
    module._apply(fn)
  File "/opt/conda/envs/wilor/lib/python3.10/site-packages/torch/nn/modules/module.py", line 900, in _apply
    module._apply(fn)
  File "/opt/conda/envs/wilor/lib/python3.10/site-packages/torch/nn/modules/module.py", line 927, in _apply
    param_applied = fn(param)
  File "/opt/conda/envs/wilor/lib/python3.10/site-packages/torch/nn/modules/module.py", line 1326, in convert
    return t.to(
  File "/opt/conda/envs/wilor/lib/python3.10/site-packages/torch/cuda/__init__.py", line 319, in _lazy_init
    torch._C._cuda_init()
RuntimeError: CUDA driver initialization failed, you might not have a CUDA gpu.
