[002003] already staged at /home/hupba_ws/resources/sessions/002003
[002003] running: /opt/conda/envs/wilor/bin/python wilor_pipeline.py --sid 002003 (CUDA_VISIBLE_DEVICES=6)
/opt/conda/envs/wilor/lib/python3.10/site-packages/lightning_fabric/utilities/cloud_io.py:73: You are using `torch.load` with `weights_only=False` (the current default value), which uses the default pickle module implicitly. It is possible to construct malicious pickle data which will execute arbitrary code during unpickling (See https://github.com/pytorch/pytorch/blob/main/SECURITY.md#untrusted-models for more details). In a future release, the default value for `weights_only` will be flipped to `True`. This limits the functions that could be executed during unpickling. Arbitrary objects will no longer be allowed to be loaded via this mode unless they are explicitly allowlisted by the user via `torch.serialization.add_safe_globals`. We recommend you start setting `weights_only=True` for any use case where you don't have full control of the loaded file. Please open an issue on GitHub for any issues related to this experimental feature.
/opt/conda/envs/wilor/lib/python3.10/site-packages/ultralytics/nn/tasks.py:716: FutureWarning: You are using `torch.load` with `weights_only=False` (the current default value), which uses the default pickle module implicitly. It is possible to construct malicious pickle data which will execute arbitrary code during unpickling (See https://github.com/pytorch/pytorch/blob/main/SECURITY.md#untrusted-models for more details). In a future release, the default value for `weights_only` will be flipped to `True`. This limits the functions that could be executed during unpickling. Arbitrary objects will no longer be allowed to be loaded via this mode unless they are explicitly allowlisted by the user via `torch.serialization.add_safe_globals`. We recommend you start setting `weights_only=True` for any use case where you don't have full control of the loaded file. Please open an issue on GitHub for any issues related to this experimental feature.
  ckpt = torch.load(file, map_location="cpu")
Loading  ./pretrained_models/wilor_final.ckpt
WARNING: You are using a MANO model, with only 10 shape coefficients.
total frames = 8193
  0%|          | 0/8193 [00:00<?, ?it/s]  0%|          | 1/8193 [00:00<37:19,  3.66it/s]  0%|          | 17/8193 [00:00<02:27, 55.62it/s]  0%|          | 26/8193 [00:00<02:06, 64.48it/s]/home/hupba_ws/scripts/WiLoR/wilor/utils/geometry.py:61: UserWarning: Using torch.cross without specifying the dim arg is deprecated.
Please either pass the dim explicitly or simply use torch.linalg.cross.
The default value of dim will change to agree with that of linalg.cross in a future release. (Triggered internally at ../aten/src/ATen/native/Cross.cpp:62.)
  b3 = torch.cross(b1, b2)
  0%|          | 35/8193 [00:10<59:32,  2.28it/s]  1%|          | 48/8193 [00:10<33:40,  4.03it/s]  1%|          | 64/8193 [00:16<42:15,  3.21it/s]  1%|          | 96/8193 [00:25<37:57,  3.56it/s]  1%|▏         | 122/8193 [00:25<23:13,  5.79it/s]  2%|▏         | 134/8193 [00:30<29:36,  4.54it/s]  2%|▏         | 160/8193 [00:35<29:33,  4.53it/s]  2%|▏         | 190/8193 [00:36<18:07,  7.36it/s]  2%|▏         | 190/8193 [00:50<18:07,  7.36it/s]  2%|▏         | 191/8193 [00:59<41:12,  3.24it/s]
Traceback (most recent call last):
  File "/home/hupba_ws/scripts/WiLoR/wilor_pipeline.py", line 252, in <module>
    main()
  File "/home/hupba_ws/scripts/WiLoR/wilor_pipeline.py", line 241, in main
    flush()
  File "/home/hupba_ws/scripts/WiLoR/wilor_pipeline.py", line 146, in flush
    batch = default_collate(samples)
  File "/opt/conda/envs/wilor/lib/python3.10/site-packages/torch/utils/data/_utils/collate.py", line 398, in default_collate
    return collate(batch, collate_fn_map=default_collate_fn_map)
  File "/opt/conda/envs/wilor/lib/python3.10/site-packages/torch/utils/data/_utils/collate.py", line 171, in collate
    {
  File "/opt/conda/envs/wilor/lib/python3.10/site-packages/torch/utils/data/_utils/collate.py", line 172, in <dictcomp>
    key: collate(
  File "/opt/conda/envs/wilor/lib/python3.10/site-packages/torch/utils/data/_utils/collate.py", line 155, in collate
    return collate_fn_map[elem_type](batch, collate_fn_map=collate_fn_map)
  File "/opt/conda/envs/wilor/lib/python3.10/site-packages/torch/utils/data/_utils/collate.py", line 285, in collate_numpy_array_fn
    return collate([torch.as_tensor(b) for b in batch], collate_fn_map=collate_fn_map)
  File "/opt/conda/envs/wilor/lib/python3.10/site-packages/torch/utils/data/_utils/collate.py", line 155, in collate
    return collate_fn_map[elem_type](batch, collate_fn_map=collate_fn_map)
  File "/opt/conda/envs/wilor/lib/python3.10/site-packages/torch/utils/data/_utils/collate.py", line 272, in collate_tensor_fn
    return torch.stack(batch, 0, out=out)
KeyboardInterrupt
